...........X                                                             [100%]
============================== warnings summary ===============================
C:\Users\nguye\AppData\Local\Packages\PythonSoftwareFoundation.Python.3.10_qbz5n2kfra8p0\LocalCache\local-packages\Python310\site-packages\_pytest\cacheprovider.py:475
  C:\Users\nguye\AppData\Local\Packages\PythonSoftwareFoundation.Python.3.10_qbz5n2kfra8p0\LocalCache\local-packages\Python310\site-packages\_pytest\cacheprovider.py:475: PytestCacheWarning: could not create cache path D:\2025.2\assignments\phase2-track3-day10-reliability-agent\.pytest_cache\v\cache\nodeids: [WinError 267] The directory name is invalid: 'D:\\2025.2\\assignments\\phase2-track3-day10-reliability-agent\\pytest-cache-files-m0cxi306\\.gitignore'
    config.cache.set("cache/nodeids", sorted(self.cached_nodeids))

-- Docs: https://docs.pytest.org/en/stable/how-to/capture-warnings.html
11 passed, 1 xpassed, 1 warning in 2.47s
